// Jest Snapshot v1, https://goo.gl/fbAQLP

exports[`should get previews month last weeks offset days 1`] = `
Object {
  "days": Array [
    Object {
      "day": 27,
      "events": Array [],
      "name": "Monday",
      "offset": true,
    },
    Object {
      "day": 28,
      "events": Array [],
      "name": "Tuesday",
      "offset": true,
    },
    Object {
      "day": 29,
      "events": Array [],
      "name": "Wednesday",
      "offset": true,
    },
    Object {
      "day": 30,
      "events": Array [],
      "name": "Thursday",
      "offset": true,
    },
    Object {
      "day": 31,
      "events": Array [],
      "name": "Friday",
      "offset": true,
    },
  ],
  "month": 8,
  "name": "August",
  "totalOffsetDays": 5,
}
`;
